MSBuild version 18.9.1+a81b43525 for .NET Framework
Build started 8/24/2026 1:46:31 AM.

     1>Project "D:\a\TextifyOCR\TextifyOCR\Textify.sln" on node 1 (default targets).
     1>ValidateSolutionConfiguration:
         Building solution configuration "Release|x64".
     1>Project "D:\a\TextifyOCR\TextifyOCR\Textify.sln" (1) is building "D:\a\TextifyOCR\TextifyOCR\Textify.vcxproj" (2) on node 1 (default targets).
     2>PrepareForBuild:
         Creating directory "Textify\x64\Release\".
         Structured output is enabled. The formatting of compiler diagnostics will reflect the error hierarchy. See https://aka.ms/cpp/structured-output for more details.
         Creating directory "D:\a\TextifyOCR\TextifyOCR\x64\Release\".
         Creating directory "Textify\x64\Release\Textify.tlog\".
       InitializeBuildStatus:
         Creating "Textify\x64\Release\Textify.tlog\unsuccessfulbuild" because "AlwaysCreate" was specified.
         Touching "Textify\x64\Release\Textify.tlog\unsuccessfulbuild".
       ClCompile:
         C:\Program Files\Microsoft Visual Studio\18\Enterprise\VC\Tools\MSVC\14.44.35207\bin\HostX86\x64\CL.exe /c /ID:\a\TextifyOCR\TextifyOCR\packages\wtl.10.0.10320\build\native\..\..\lib\native\include\ /nologo /W3 /WX- /diagnostics:column /O2 /D WIN32 /D _WINDOWS /D STRICT /D PSAPI_VERSION=1 /D NDEBUG /D _UNICODE /D UNICODE /Gm- /EHsc /MT /GS /fp:precise /Zc:wchar_t /Zc:forScope /Zc:inline /std:c++20 /Yc"stdafx.h" /Fp"Textify\x64\Release\TextifyOCR.pch" /Fo"Textify\x64\Release\\" /Fd"Textify\x64\Release\vc143.pdb" /external:W3 /Gd /TP /FC /errorReport:queue stdafx.cpp
         stdafx.cpp
     2>D:\a\TextifyOCR\TextifyOCR\stdafx.h(17,10): error C1083: Cannot open include file: 'atlbase.h': No such file or directory [D:\a\TextifyOCR\TextifyOCR\Textify.vcxproj]
         (compiling source file 'stdafx.cpp')
         
     2>Done Building Project "D:\a\TextifyOCR\TextifyOCR\Textify.vcxproj" (default targets) -- FAILED.
     1>Done Building Project "D:\a\TextifyOCR\TextifyOCR\Textify.sln" (default targets) -- FAILED.

Build FAILED.

       "D:\a\TextifyOCR\TextifyOCR\Textify.sln" (default target) (1) ->
       "D:\a\TextifyOCR\TextifyOCR\Textify.vcxproj" (default target) (2) ->
       (ClCompile target) -> 
         D:\a\TextifyOCR\TextifyOCR\stdafx.h(17,10): error C1083: Cannot open include file: 'atlbase.h': No such file or directory [D:\a\TextifyOCR\TextifyOCR\Textify.vcxproj]

    0 Warning(s)
    1 Error(s)

Time Elapsed 00:00:03.20
=== packages dir ===
wtl.10.0.10320
wtl.10.0.10320\build
wtl.10.0.10320\lib
wtl.10.0.10320\license
wtl.10.0.10320\Samples
wtl.10.0.10320\tools
wtl.10.0.10320\.signature.p7s
wtl.10.0.10320\wtl.10.0.10320.nupkg
wtl.10.0.10320\build\native
wtl.10.0.10320\build\native\wtl.targets
wtl.10.0.10320\lib\native
wtl.10.0.10320\lib\native\include
wtl.10.0.10320\lib\native\include\atlapp.h
wtl.10.0.10320\lib\native\include\atlcrack.h
wtl.10.0.10320\lib\native\include\atlctrls.h
wtl.10.0.10320\lib\native\include\atlctrlw.h
wtl.10.0.10320\lib\native\include\atlctrlx.h
wtl.10.0.10320\lib\native\include\atlddx.h
wtl.10.0.10320\lib\native\include\atldlgs.h
wtl.10.0.10320\lib\native\include\atldwm.h
wtl.10.0.10320\lib\native\include\atlfind.h
wtl.10.0.10320\lib\native\include\atlframe.h
wtl.10.0.10320\lib\native\include\atlgdi.h
wtl.10.0.10320\lib\native\include\atlmisc.h
wtl.10.0.10320\lib\native\include\atlprint.h
wtl.10.0.10320\lib\native\include\atlres.h
wtl.10.0.10320\lib\native\include\atlribbon.h
wtl.10.0.10320\lib\native\include\atlscrl.h
wtl.10.0.10320\lib\native\include\atlsplit.h
wtl.10.0.10320\lib\native\include\atltheme.h
wtl.10.0.10320\lib\native\include\atluser.h
wtl.10.0.10320\lib\native\include\atlwinx.h
wtl.10.0.10320\license\license.txt
wtl.10.0.10320\Samples\Aero
wtl.10.0.10320\Samples\Alpha
wtl.10.0.10320\Samples\BmpView
wtl.10.0.10320\Samples\GuidGen
wtl.10.0.10320\Samples\MDIDocVw
wtl.10.0.10320\Samples\MemDlg
wtl.10.0.10320\Samples\MTPad
wtl.10.0.10320\Samples\MTPad7
wtl.10.0.10320\Samples\TabBrowser
wtl.10.0.10320\Samples\Wizard97Test
wtl.10.0.10320\Samples\WTLExplorer
wtl.10.0.10320\Samples\ReadMe.html
wtl.10.0.10320\Samples\Aero\res
wtl.10.0.10320\Samples\Aero\AboutDlg.h
wtl.10.0.10320\Samples\Aero\Aero_2005.sln
wtl.10.0.10320\Samples\Aero\Aero_2005.vcproj
wtl.10.0.10320\Samples\Aero\Aero_2010.sln
wtl.10.0.10320\Samples\Aero\Aero_2010.vcxproj
wtl.10.0.10320\Samples\Aero\Aero_2010.vcxproj.filters
wtl.10.0.10320\Samples\Aero\Aero.cpp
wtl.10.0.10320\Samples\Aero\Aero.h
wtl.10.0.10320\Samples\Aero\Aero.rc
wtl.10.0.10320\Samples\Aero\AeroView.h
wtl.10.0.10320\Samples\Aero\MainFrm.h
wtl.10.0.10320\Samples\Aero\resource.h
wtl.10.0.10320\Samples\Aero\stdafx.cpp
wtl.10.0.10320\Samples\Aero\stdafx.h
wtl.10.0.10320\Samples\Aero\res\Aero.ico
wtl.10.0.10320\Samples\Aero\res\toolbar.bmp
wtl.10.0.10320\Samples\Alpha\res
wtl.10.0.10320\Samples\Alpha\aboutdlg.h
wtl.10.0.10320\Samples\Alpha\Alpha_2005.sln
wtl.10.0.10320\Samples\Alpha\Alpha_2005.vcproj
wtl.10.0.10320\Samples\Alpha\Alpha_2010.sln
wtl.10.0.10320\Samples\Alpha\Alpha_2010.vcxproj
wtl.10.0.10320\Samples\Alpha\Alpha_2010.vcxproj.filters
wtl.10.0.10320\Samples\Alpha\Alpha.cpp
wtl.10.0.10320\Samples\Alpha\Alpha.h
wtl.10.0.10320\Samples\Alpha\Alpha.rc
wtl.10.0.10320\Samples\Alpha\mainfrm.h
wtl.10.0.10320\Samples\Alpha\readme.txt
wtl.10.0.10320\Samples\Alpha\resource.h
wtl.10.0.10320\Samples\Alpha\stdafx.cpp
wtl.10.0.10320\Samples\Alpha\stdafx.h
wtl.10.0.10320\Samples\Alpha\view.h
wtl.10.0.10320\Samples\Alpha\res\Alpha.ico
wtl.10.0.10320\Samples\Alpha\res\toolbar_old.bmp
wtl.10.0.10320\Samples\Alpha\res\toolbar.bmp
wtl.10.0.10320\Samples\BmpView\res
wtl.10.0.10320\Samples\BmpView\BmpView_2005.sln
wtl.10.0.10320\Samples\BmpView\BmpView_2005.vcproj
wtl.10.0.10320\Samples\BmpView\BmpView_2010.sln
wtl.10.0.10320\Samples\BmpView\BmpView_2010.vcxproj
wtl.10.0.10320\Samples\BmpView\BmpView_2010.vcxproj.filters
wtl.10.0.10320\Samples\BmpView\BmpView.cpp
wtl.10.0.10320\Samples\BmpView\BmpView.rc
wtl.10.0.10320\Samples\BmpView\list.h
wtl.10.0.10320\Samples\BmpView\mainfrm.h
wtl.10.0.10320\Samples\BmpView\props.h
wtl.10.0.10320\Samples\BmpView\resource.h
wtl.10.0.10320\Samples\BmpView\stdafx.cpp
wtl.10.0.10320\Samples\BmpView\stdafx.h
wtl.10.0.10320\Samples\BmpView\view.h
wtl.10.0.10320\Samples\BmpView\res\BmpView.ico
wtl.10.0.10320\Samples\BmpView\res\Toolbar.bmp
wtl.10.0.10320\Samples\GuidGen\res
wtl.10.0.10320\Samples\GuidGen\aboutdlg.h
wtl.10.0.10320\Samples\GuidGen\GuidGen_2005.sln
wtl.10.0.10320\Samples\GuidGen\GuidGen_2005.vcproj
wtl.10.0.10320\Samples\GuidGen\GuidGen_2010.sln
wtl.10.0.10320\Samples\GuidGen\GuidGen_2010.vcxproj
wtl.10.0.10320\Samples\GuidGen\GuidGen_2010.vcxproj.filters
wtl.10.0.10320\Samples\GuidGen\GuidGen.cpp
wtl.10.0.10320\Samples\GuidGen\GuidGen.rc
wtl.10.0.10320\Samples\GuidGen\maindlg.h
wtl.10.0.10320\Samples\GuidGen\resource.h
wtl.10.0.10320\Samples\GuidGen\stdatl.cpp
wtl.10.0.10320\Samples\GuidGen\stdatl.h
wtl.10.0.10320\Samples\GuidGen\res\GuidGen.ico
wtl.10.0.10320\Samples\MDIDocVw\res
wtl.10.0.10320\Samples\MDIDocVw\mainfrm.h
wtl.10.0.10320\Samples\MDIDocVw\MDI_2005.sln
wtl.10.0.10320\Samples\MDIDocVw\MDI_2005.vcproj
wtl.10.0.10320\Samples\MDIDocVw\MDI_2010.sln
wtl.10.0.10320\Samples\MDIDocVw\MDI_2010.vcxproj
wtl.10.0.10320\Samples\MDIDocVw\MDI_2010.vcxproj.filters
wtl.10.0.10320\Samples\MDIDocVw\MDI.cpp
wtl.10.0.10320\Samples\MDIDocVw\MDI.rc
wtl.10.0.10320\Samples\MDIDocVw\resource.h
wtl.10.0.10320\Samples\MDIDocVw\stdafx.cpp
wtl.10.0.10320\Samples\MDIDocVw\stdafx.h
wtl.10.0.10320\Samples\MDIDocVw\res\bounce.ico
wtl.10.0.10320\Samples\MDIDocVw\res\HelloDoc.ico
wtl.10.0.10320\Samples\MDIDocVw\res\MDI.ico
wtl.10.0.10320\Samples\MDIDocVw\res\Toolbar.bmp
wtl.10.0.10320\Samples\MemDlg\res
wtl.10.0.10320\Samples\MemDlg\AboutDlg.h
wtl.10.0.10320\Samples\MemDlg\AboutDlgIndirect.h
wtl.10.0.10320\Samples\MemDlg\MainFrm.h
wtl.10.0.10320\Samples\MemDlg\MemDlg_2005.sln
wtl.10.0.10320\Samples\MemDlg\MemDlg_2005.vcproj
wtl.10.0.10320\Samples\MemDlg\MemDlg_2010.sln
wtl.10.0.10320\Samples\MemDlg\MemDlg_2010.vcxproj
wtl.10.0.10320\Samples\MemDlg\MemDlg_2010.vcxproj.filters
wtl.10.0.10320\Samples\MemDlg\MemDlg.cpp
wtl.10.0.10320\Samples\MemDlg\MemDlg.rc
wtl.10.0.10320\Samples\MemDlg\resource.h
wtl.10.0.10320\Samples\MemDlg\stdafx.cpp
wtl.10.0.10320\Samples\MemDlg\stdafx.h
wtl.10.0.10320\Samples\MemDlg\View.h
wtl.10.0.10320\Samples\MemDlg\res\MemDlg.ico
wtl.10.0.10320\Samples\MemDlg\res\toolbar.bmp
wtl.10.0.10320\Samples\MTPad\res
wtl.10.0.10320\Samples\MTPad\aboutdlg.h
wtl.10.0.10320\Samples\MTPad\finddlg.h
wtl.10.0.10320\Samples\MTPad\mainfrm.h
wtl.10.0.10320\Samples\MTPad\MTPad_2005.sln
wtl.10.0.10320\Samples\MTPad\MTPad_2005.vcproj
wtl.10.0.10320\Samples\MTPad\MTPad_2010.sln
wtl.10.0.10320\Samples\MTPad\MTPad_2010.vcxproj
wtl.10.0.10320\Samples\MTPad\MTPad_2010.vcxproj.filters
wtl.10.0.10320\Samples\MTPad\MTPad.cpp
wtl.10.0.10320\Samples\MTPad\MTPad.h
wtl.10.0.10320\Samples\MTPad\MTPad.rc
wtl.10.0.10320\Samples\MTPad\resource.h
wtl.10.0.10320\Samples\MTPad\stdatl.cpp
wtl.10.0.10320\Samples\MTPad\stdatl.h
wtl.10.0.10320\Samples\MTPad\view.h
wtl.10.0.10320\Samples\MTPad\res\MTPad.ico
wtl.10.0.10320\Samples\MTPad\res\MTPadDoc.ico
wtl.10.0.10320\Samples\MTPad\res\printpre.bmp
wtl.10.0.10320\Samples\MTPad\res\Toolbar.bmp
wtl.10.0.10320\Samples\MTPad7\res
wtl.10.0.10320\Samples\MTPad7\aboutdlg.h
wtl.10.0.10320\Samples\MTPad7\finddlg.h
wtl.10.0.10320\Samples\MTPad7\mainfrm.h
wtl.10.0.10320\Samples\MTPad7\MTPad.cpp
wtl.10.0.10320\Samples\MTPad7\MTPad.h
wtl.10.0.10320\Samples\MTPad7\mtpad.rc
wtl.10.0.10320\Samples\MTPad7\MTPad7_2008.sln
wtl.10.0.10320\Samples\MTPad7\MTPad7_2008.vcproj
wtl.10.0.10320\Samples\MTPad7\MTPad7_2010.sln
wtl.10.0.10320\Samples\MTPad7\MTPad7_2010.vcxproj
wtl.10.0.10320\Samples\MTPad7\MTPad7_2010.vcxproj.filters
wtl.10.0.10320\Samples\MTPad7\MTPadRibbon.h
wtl.10.0.10320\Samples\MTPad7\MTPadRibbon.rc
wtl.10.0.10320\Samples\MTPad7\MTPadRibbon.xml
wtl.10.0.10320\Samples\MTPad7\resource.h
wtl.10.0.10320\Samples\MTPad7\stdatl.cpp
wtl.10.0.10320\Samples\MTPad7\stdatl.h
wtl.10.0.10320\Samples\MTPad7\view.h
wtl.10.0.10320\Samples\MTPad7\res\ClosePreviewHH.bmp
wtl.10.0.10320\Samples\MTPad7\res\GoToNextHS.bmp
wtl.10.0.10320\Samples\MTPad7\res\GoToPreviousHS.bmp
wtl.10.0.10320\Samples\MTPad7\res\MTPad.ico
wtl.10.0.10320\Samples\MTPad7\res\MTPadDoc.ico
wtl.10.0.10320\Samples\MTPad7\res\PortraitLandscapeHS.bmp
wtl.10.0.10320\Samples\MTPad7\res\printpre.bmp
wtl.10.0.10320\Samples\MTPad7\res\PrintPreviewL.bmp
wtl.10.0.10320\Samples\MTPad7\res\SelectAllS.bmp
wtl.10.0.10320\Samples\MTPad7\res\Toolbar.bmp
wtl.10.0.10320\Samples\MTPad7\res\UndoS.bmp
wtl.10.0.10320\Samples\TabBrowser\res
wtl.10.0.10320\Samples\TabBrowser\AboutDlg.h
wtl.10.0.10320\Samples\TabBrowser\AddressCombo.h
wtl.10.0.10320\Samples\TabBrowser\BrowserView.h
wtl.10.0.10320\Samples\TabBrowser\CustomTabView.h
wtl.10.0.10320\Samples\TabBrowser\MainFrm.h
wtl.10.0.10320\Samples\TabBrowser\OpenDlg.h
wtl.10.0.10320\Samples\TabBrowser\resource.h
wtl.10.0.10320\Samples\TabBrowser\stdafx.cpp
wtl.10.0.10320\Samples\TabBrowser\stdafx.h
wtl.10.0.10320\Samples\TabBrowser\TabBrowser_2005.sln
wtl.10.0.10320\Samples\TabBrowser\TabBrowser_2005.vcproj
wtl.10.0.10320\Samples\TabBrowser\TabBrowser_2010.sln
wtl.10.0.10320\Samples\TabBrowser\TabBrowser_2010.vcxproj
wtl.10.0.10320\Samples\TabBrowser\TabBrowser_2010.vcxproj.filters
wtl.10.0.10320\Samples\TabBrowser\TabBrowser.cpp
wtl.10.0.10320\Samples\TabBrowser\TabBrowser.h
wtl.10.0.10320\Samples\TabBrowser\TabBrowser.rc
wtl.10.0.10320\Samples\TabBrowser\WindowsDlg.h
wtl.10.0.10320\Samples\TabBrowser\res\Go.bmp
wtl.10.0.10320\Samples\TabBrowser\res\PageImage.bmp
wtl.10.0.10320\Samples\TabBrowser\res\TabBrowser.ico
wtl.10.0.10320\Samples\TabBrowser\res\TabToolbar.bmp
wtl.10.0.10320\Samples\TabBrowser\res\Toolbar_Big.bmp
wtl.10.0.10320\Samples\TabBrowser\res\Toolbar.bmp
wtl.10.0.10320\Samples\Wizard97Test\help
wtl.10.0.10320\Samples\Wizard97Test\res
wtl.10.0.10320\Samples\Wizard97Test\Wizard
wtl.10.0.10320\Samples\Wizard97Test\resource.h
wtl.10.0.10320\Samples\Wizard97Test\resource.hm
wtl.10.0.10320\Samples\Wizard97Test\stdafx.cpp
wtl.10.0.10320\Samples\Wizard97Test\stdafx.h
wtl.10.0.10320\Samples\Wizard97Test\Wizard97Test_2005.sln
wtl.10.0.10320\Samples\Wizard97Test\Wizard97Test_2005.vcproj
wtl.10.0.10320\Samples\Wizard97Test\Wizard97Test_2010.sln
wtl.10.0.10320\Samples\Wizard97Test\Wizard97Test_2010.vcxproj
wtl.10.0.10320\Samples\Wizard97Test\Wizard97Test_2010.vcxproj.filters
wtl.10.0.10320\Samples\Wizard97Test\Wizard97Test.cpp
wtl.10.0.10320\Samples\Wizard97Test\Wizard97Test.h
wtl.10.0.10320\Samples\Wizard97Test\Wizard97Test.rc
wtl.10.0.10320\Samples\Wizard97Test\help\Context.h
wtl.10.0.10320\Samples\Wizard97Test\help\Context.txt
wtl.10.0.10320\Samples\Wizard97Test\help\readme-help.txt
wtl.10.0.10320\Samples\Wizard97Test\help\style.css
wtl.10.0.10320\Samples\Wizard97Test\help\TestWizard_Completion.html
wtl.10.0.10320\Samples\Wizard97Test\help\TestWizard_Completion.png
wtl.10.0.10320\Samples\Wizard97Test\help\TestWizard_Output.html
wtl.10.0.10320\Samples\Wizard97Test\help\TestWizard_Output.png
wtl.10.0.10320\Samples\Wizard97Test\help\TestWizard_PathFilter.html
wtl.10.0.10320\Samples\Wizard97Test\help\TestWizard_PathFilter.png
wtl.10.0.10320\Samples\Wizard97Test\help\TestWizard_PreviewFileList.html
wtl.10.0.10320\Samples\Wizard97Test\help\TestWizard_PreviewFileList.png
wtl.10.0.10320\Samples\Wizard97Test\help\TestWizard_Welcome.html
wtl.10.0.10320\Samples\Wizard97Test\help\TestWizard_Welcome.png
wtl.10.0.10320\Samples\Wizard97Test\help\Wizard97Test.hhc
wtl.10.0.10320\Samples\Wizard97Test\help\Wizard97Test.hhk
wtl.10.0.10320\Samples\Wizard97Test\help\Wizard97Test.hhp
wtl.10.0.10320\Samples\Wizard97Test\help\Wizard97Test.html
wtl.10.0.10320\Samples\Wizard97Test\res\header.bmp
wtl.10.0.10320\Samples\Wizard97Test\res\watermark.bmp
wtl.10.0.10320\Samples\Wizard97Test\res\Wizard97Test.ico
wtl.10.0.10320\Samples\Wizard97Test\Wizard\FolderDialogStatusText.h
wtl.10.0.10320\Samples\Wizard97Test\Wizard\TestWizard.cpp
wtl.10.0.10320\Samples\Wizard97Test\Wizard\TestWizard.h
wtl.10.0.10320\Samples\Wizard97Test\Wizard\TestWizardCompletionPage.cpp
wtl.10.0.10320\Samples\Wizard97Test\Wizard\TestWizardCompletionPage.h
wtl.10.0.10320\Samples\Wizard97Test\Wizard\TestWizardFilePreviewPage.cpp
wtl.10.0.10320\Samples\Wizard97Test\Wizard\TestWizardFilePreviewPage.h
wtl.10.0.10320\Samples\Wizard97Test\Wizard\TestWizardInfo.cpp
wtl.10.0.10320\Samples\Wizard97Test\Wizard\TestWizardInfo.h
wtl.10.0.10320\Samples\Wizard97Test\Wizard\TestWizardOutputPage.cpp
wtl.10.0.10320\Samples\Wizard97Test\Wizard\TestWizardOutputPage.h
wtl.10.0.10320\Samples\Wizard97Test\Wizard\TestWizardPathFilterPage.cpp
wtl.10.0.10320\Samples\Wizard97Test\Wizard\TestWizardPathFilterPage.h
wtl.10.0.10320\Samples\Wizard97Test\Wizard\TestWizardSheet.cpp
wtl.10.0.10320\Samples\Wizard97Test\Wizard\TestWizardSheet.h
wtl.10.0.10320\Samples\Wizard97Test\Wizard\TestWizardWelcomePage.cpp
wtl.10.0.10320\Samples\Wizard97Test\Wizard\TestWizardWelcomePage.h
wtl.10.0.10320\Samples\WTLExplorer\res
wtl.10.0.10320\Samples\WTLExplorer\ExplorerCombo.h
wtl.10.0.10320\Samples\WTLExplorer\MainFrm.cpp
wtl.10.0.10320\Samples\WTLExplorer\mainfrm.h
wtl.10.0.10320\Samples\WTLExplorer\resource.h
wtl.10.0.10320\Samples\WTLExplorer\ShellMgr.cpp
wtl.10.0.10320\Samples\WTLExplorer\ShellMgr.h
wtl.10.0.10320\Samples\WTLExplorer\stdafx.cpp
wtl.10.0.10320\Samples\WTLExplorer\stdafx.h
wtl.10.0.10320\Samples\WTLExplorer\WTLExplorer_2005.sln
wtl.10.0.10320\Samples\WTLExplorer\WTLExplorer_2005.vcproj
wtl.10.0.10320\Samples\WTLExplorer\WTLExplorer_2010.sln
wtl.10.0.10320\Samples\WTLExplorer\WTLExplorer_2010.vcxproj
wtl.10.0.10320\Samples\WTLExplorer\WTLExplorer_2010.vcxproj.filters
wtl.10.0.10320\Samples\WTLExplorer\WTLExplorer.cpp
wtl.10.0.10320\Samples\WTLExplorer\WTLExplorer.rc
wtl.10.0.10320\Samples\WTLExplorer\res\go.bmp
wtl.10.0.10320\Samples\WTLExplorer\res\go1.bmp
wtl.10.0.10320\Samples\WTLExplorer\res\Toolbar.bmp
wtl.10.0.10320\Samples\WTLExplorer\res\WTLExplorer.ico
wtl.10.0.10320\tools\AppWizard
wtl.10.0.10320\tools\install.ps1
wtl.10.0.10320\tools\AppWizard\Files
wtl.10.0.10320\tools\AppWizard\Setup.js
wtl.10.0.10320\tools\AppWizard\Files\HTML
wtl.10.0.10320\tools\AppWizard\Files\Images
wtl.10.0.10320\tools\AppWizard\Files\Scripts
wtl.10.0.10320\tools\AppWizard\Files\Templates
wtl.10.0.10320\tools\AppWizard\Files\WTL10AppWiz.ico
wtl.10.0.10320\tools\AppWizard\Files\WTL10AppWiz.vsdir
wtl.10.0.10320\tools\AppWizard\Files\WTL10AppWiz.vsz
wtl.10.0.10320\tools\AppWizard\Files\HTML\1033
wtl.10.0.10320\tools\AppWizard\Files\HTML\1033\AppType.htm
wtl.10.0.10320\tools\AppWizard\Files\HTML\1033\default.htm
wtl.10.0.10320\tools\AppWizard\Files\HTML\1033\UIFeatures.htm
wtl.10.0.10320\tools\AppWizard\Files\Images\spacer.gif
wtl.10.0.10320\tools\AppWizard\Files\Images\WTL10AppWiz_Background.png
wtl.10.0.10320\tools\AppWizard\Files\Images\WTL10AppWiz.png
wtl.10.0.10320\tools\AppWizard\Files\Scripts\1033
wtl.10.0.10320\tools\AppWizard\Files\Scripts\1033\default.js
wtl.10.0.10320\tools\AppWizard\Files\Templates\1033
wtl.10.0.10320\tools\AppWizard\Files\Templates\1033\AboutDlg.cpp
wtl.10.0.10320\tools\AppWizard\Files\Templates\1033\AboutDlg.h
wtl.10.0.10320\tools\AppWizard\Files\Templates\1033\ChildFrm.cpp
wtl.10.0.10320\tools\AppWizard\Files\Templates\1033\ChildFrm.h
wtl.10.0.10320\tools\AppWizard\Files\Templates\1033\Frame.cpp
wtl.10.0.10320\tools\AppWizard\Files\Templates\1033\Frame.h
wtl.10.0.10320\tools\AppWizard\Files\Templates\1033\MainDlg.cpp
wtl.10.0.10320\tools\AppWizard\Files\Templates\1033\MainDlg.h
wtl.10.0.10320\tools\AppWizard\Files\Templates\1033\resource.h
wtl.10.0.10320\tools\AppWizard\Files\Templates\1033\Ribbon.h
wtl.10.0.10320\tools\AppWizard\Files\Templates\1033\Ribbon.xml
wtl.10.0.10320\tools\AppWizard\Files\Templates\1033\root.cpp
wtl.10.0.10320\tools\AppWizard\Files\Templates\1033\root.h
wtl.10.0.10320\tools\AppWizard\Files\Templates\1033\root.ico
wtl.10.0.10320\tools\AppWizard\Files\Templates\1033\root.idl
wtl.10.0.10320\tools\AppWizard\Files\Templates\1033\root.rc
wtl.10.0.10320\tools\AppWizard\Files\Templates\1033\root.rgs
wtl.10.0.10320\tools\AppWizard\Files\Templates\1033\rootDoc.ico
wtl.10.0.10320\tools\AppWizard\Files\Templates\1033\rootidl.h
wtl.10.0.10320\tools\AppWizard\Files\Templates\1033\rootps.def
wtl.10.0.10320\tools\AppWizard\Files\Templates\1033\rootps.mk
wtl.10.0.10320\tools\AppWizard\Files\Templates\1033\stdafx.cpp
wtl.10.0.10320\tools\AppWizard\Files\Templates\1033\stdafx.h
wtl.10.0.10320\tools\AppWizard\Files\Templates\1033\Templates.inf
wtl.10.0.10320\tools\AppWizard\Files\Templates\1033\toolbar.bmp
wtl.10.0.10320\tools\AppWizard\Files\Templates\1033\View.cpp
wtl.10.0.10320\tools\AppWizard\Files\Templates\1033\View.h
=== workspace root ===
.github
extra
packages
plugins
rapid_ocr
res
Textify
x64
.editorconfig
.gitattributes
.gitignore
async_internet.cpp
build_x64.bat
build.log
ci-debug-full.log
Functions.cpp
Functions.h
LICENSE
MainDlg.cpp
MainDlg.h
MouseGlobalHook.cpp
MouseGlobalHook.h
ocr_helper.py
ocr_helper.spec
OcrCapture.cpp
OcrCapture.h
packages.config
README.md
resource.h
screenshot.jpg
SettingsDlg.cpp
SettingsDlg.h
stdafx.cpp
stdafx.h
test_e2e.ps1
test_settings.ps1
TextDlg.cpp
TextDlg.h
Textify.cpp
Textify.h
Textify.ini.example
Textify.rc
Textify.rc2
Textify.sln
Textify.vcxproj
Textify.vcxproj.filters
TextifySetup.iss
update.cpp
update.h
URLEncode.cpp
URLEncode.h
UserConfig.cpp
UserConfig.h
version.h
WebAppLaunch.cpp
WebAppLaunch.h
